liferlighdow@Lubuntu:~/android17$ cd ~/android17/out/target/product/generic_x86_64/
rm userdata.img userdata-qemu.img
fallocate -l 2G userdata.img
cp userdata.img userdata-qemu.img
cd ~/android17
liferlighdow@Lubuntu:~/android17$
emulator -gpu swiftshader \
         -skin 1080x2400 \
         -memory 2048 \
         -partition-size 2048 \
         -no-snapshot-load \
         -show-kernel

...
省略
...

[    0.000000] Linux version 6.6.66-android15-8-gb66429556fb8-ab13070261 (kleaf@build-host) (Android (11368308, +pgo, +bolt, +lto, +mlgo, based on r510928) clang version 18.0.0 (https://android.googlesource.com/toolchain/llvm-project 477610d4d0d988e69dbc3fae4fe86bff3f07f2b5), LLD 18.0.0) #1 SMP PREEMPT Fri Feb 14 22:29:59 UTC 2025
[    0.000000] Command line: 8250.nr_uarts=1 clocksource=pit no_timer_check console=ttyS0,38400 loop.max_part=7 ramoops.mem_address=0xff018000 ramoops.mem_size=0x10000 memmap=0x10000$0xff018000 printk.devkmsg=on qemu=1 androidboot.hardware=ranchu androidboot.hardware.vulkan=ranchu androidboot.serialno=EMULATOR35X3X8X0 qemu.gles=1 qemu.settings.system.screen_off_timeout=2147483647 qemu.vsync=60 qemu.gltransport=pipe qemu.gltransport.drawFlushInterval=800 qemu.opengles.version=131072 qemu.dalvik.vm.heapsize=512m qemu.camera_protocol_ver=1 qemu.camera_hq_edge_processing=0 androidboot.android_dt_dir=/sys/bus/platform/devices/ANDR0001:00/properties/android/ android.qemud=1 qemu.avd_name=<build> mac80211_hwsim.mac_prefix=5554
[    0.000000] BIOS-provided physical RAM map:
[    0.000000] BIOS-e820: [mem 0x0000000000000000-0x000000000009fbff] usable
[    0.000000] BIOS-e820: [mem 0x000000000009fc00-0x000000000009ffff] reserved
[    0.000000] BIOS-e820: [mem 0x00000000000f0000-0x00000000000fffff] reserved
[    0.000000] BIOS-e820: [mem 0x0000000000100000-0x000000007ffd9fff] usable
[    0.000000] BIOS-e820: [mem 0x000000007ffda000-0x000000007fffffff] reserved
[    0.000000] BIOS-e820: [mem 0x00000000feffc000-0x00000000feffffff] reserved
[    0.000000] BIOS-e820: [mem 0x00000000fffc0000-0x00000000ffffffff] reserved
[    0.000000] stackdepot: disabled
[    0.000000] NX (Execute Disable) protection: active
[    0.000000] APIC: Static calls initialized
[    0.000000] user-defined physical RAM map:
[    0.000000] user: [mem 0x0000000000000000-0x000000000009fbff] usable
[    0.000000] user: [mem 0x000000000009fc00-0x000000000009ffff] reserved
[    0.000000] user: [mem 0x00000000000f0000-0x00000000000fffff] reserved
[    0.000000] user: [mem 0x0000000000100000-0x000000007ffd9fff] usable
[    0.000000] user: [mem 0x000000007ffda000-0x000000007fffffff] reserved
[    0.000000] user: [mem 0x00000000feffc000-0x00000000feffffff] reserved
[    0.000000] user: [mem 0x00000000ff018000-0x00000000ff027fff] reserved
[    0.000000] user: [mem 0x00000000fffc0000-0x00000000ffffffff] reserved
[    0.000000] SMBIOS 2.8 present.
[    0.000000] DMI: QEMU Standard PC (i440FX + PIIX, 1996), BIOS rel-1.11.1-0-g0551a4be2c-prebuilt.qemu-project.org 04/01/2014
[    0.000000] Hypervisor detected: KVM
[    0.000000] kvm-clock: Using msrs 4b564d01 and 4b564d00
[    0.000000] kvm-clock: using sched offset of 58250000332 cycles
[    0.000001] clocksource: kvm-clock: mask: 0xffffffffffffffff max_cycles: 0x1cd42e4dffb, max_idle_ns: 881590591483 ns
[    0.000003] tsc: Detected 2496.000 MHz processor
[    0.000109] last_pfn = 0x7ffda max_arch_pfn = 0x400000000
[    0.000134] MTRR map: 4 entries (3 fixed + 1 variable; max 19), built from 8 variable MTRRs
[    0.000135] x86/PAT: PAT not supported by the CPU.
[    0.000136] x86/PAT: Configuration [0-7]: WB  WT  UC- UC  WB  WT  UC- UC  
[    0.005135] found SMP MP-table at [mem 0x000f5b50-0x000f5b5f]
[    0.005224] RAMDISK: [mem 0x7ffcf000-0x7ffcffff]
[    0.005229] ACPI: Early table checksum verification disabled
[    0.005231] ACPI: RSDP 0x00000000000F5950 000014 (v00 BOCHS )
[    0.005235] ACPI: RSDT 0x000000007FFE1A47 000030 (v01 BOCHS  BXPCRSDT 00000001 BXPC 00000001)
[    0.005241] ACPI: FACP 0x000000007FFE191B 000074 (v01 BOCHS  BXPCFACP 00000001 BXPC 00000001)
[    0.005247] ACPI: DSDT 0x000000007FFE0040 0018DB (v01 BOCHS  BXPCDSDT 00000001 BXPC 00000001)
[    0.005249] ACPI: FACS 0x000000007FFE0000 000040
[    0.005251] ACPI: APIC 0x000000007FFE198F 000080 (v01 BOCHS  BXPCAPIC 00000001 BXPC 00000001)
[    0.005253] ACPI: HPET 0x000000007FFE1A0F 000038 (v01 BOCHS  BXPCHPET 00000001 BXPC 00000001)
[    0.005255] ACPI: Reserving FACP table memory at [mem 0x7ffe191b-0x7ffe198e]
[    0.005256] ACPI: Reserving DSDT table memory at [mem 0x7ffe0040-0x7ffe191a]
[    0.005256] ACPI: Reserving FACS table memory at [mem 0x7ffe0000-0x7ffe003f]
[    0.005256] ACPI: Reserving APIC table memory at [mem 0x7ffe198f-0x7ffe1a0e]
[    0.005257] ACPI: Reserving HPET table memory at [mem 0x7ffe1a0f-0x7ffe1a46]
[    0.005296] Zone ranges:
[    0.005296]   DMA32    [mem 0x0000000000001000-0x000000007ffd9fff]
[    0.005297]   Normal   empty
[    0.005298] Movable zone start for each node
[    0.005298] NoSplit zone start for each node
[    0.005299] NoMerge zone start for each node
[    0.005299] Early memory node ranges
[    0.005299]   node   0: [mem 0x0000000000001000-0x000000000009efff]
[    0.005301]   node   0: [mem 0x0000000000100000-0x000000007ffd9fff]
[    0.005301] Initmem setup node 0 [mem 0x0000000000001000-0x000000007ffd9fff]
[    0.005308] On node 0, zone DMA32: 1 pages in unavailable ranges
[    0.015866] On node 0, zone DMA32: 97 pages in unavailable ranges
[    0.015868] On node 0, zone DMA32: 38 pages in unavailable ranges
[    0.016181] ACPI: LAPIC_NMI (acpi_id[0xff] dfl dfl lint[0x1])
[    0.016210] IOAPIC[0]: apic_id 0, version 17, address 0xfec00000, GSI 0-23
[    0.016213] ACPI: INT_SRC_OVR (bus 0 bus_irq 0 global_irq 2 dfl dfl)
[    0.016214] ACPI: INT_SRC_OVR (bus 0 bus_irq 5 global_irq 5 high level)
[    0.016215] ACPI: INT_SRC_OVR (bus 0 bus_irq 9 global_irq 9 high level)
[    0.016216] ACPI: INT_SRC_OVR (bus 0 bus_irq 10 global_irq 10 high level)
[    0.016216] ACPI: INT_SRC_OVR (bus 0 bus_irq 11 global_irq 11 high level)
[    0.016219] ACPI: Using ACPI (MADT) for SMP configuration information
[    0.016220] ACPI: HPET id: 0x8086a201 base: 0xfed00000
[    0.016224] TSC deadline timer available
[    0.016225] smpboot: Allowing 2 CPUs, 0 hotplug CPUs
[    0.016234] kvm-guest: APIC: eoi() replaced with kvm_guest_apic_eoi_write()
[    0.016244] PM: hibernation: Registered nosave memory: [mem 0x00000000-0x00000fff]
[    0.016245] PM: hibernation: Registered nosave memory: [mem 0x0009f000-0x0009ffff]
[    0.016245] PM: hibernation: Registered nosave memory: [mem 0x000a0000-0x000effff]
[    0.016246] PM: hibernation: Registered nosave memory: [mem 0x000f0000-0x000fffff]
[    0.016247] [mem 0x80000000-0xfeffbfff] available for PCI devices
[    0.016247] Booting paravirtualized kernel on KVM
[    0.016248] clocksource: refined-jiffies: mask: 0xffffffff max_cycles: 0xffffffff, max_idle_ns: 7645519600211568 ns
[    0.016253] 'bootconfig' found on command line, but no bootconfig found
[    0.016256] setup_percpu: NR_CPUS:32 nr_cpumask_bits:2 nr_cpu_ids:2 nr_node_ids:1
[    0.016943] percpu: Embedded 56 pages/cpu s192488 r8192 d28696 u1048576
[    0.016962] Kernel command line: console=ttynull stack_depot_disable=on cgroup_disable=pressure bootconfig 8250.nr_uarts=1 clocksource=pit no_timer_check console=ttyS0,38400 loop.max_part=7 ramoops.mem_address=0xff018000 ramoops.mem_size=0x10000 memmap=0x10000$0xff018000 printk.devkmsg=on qemu=1 androidboot.hardware=ranchu androidboot.hardware.vulkan=ranchu androidboot.serialno=EMULATOR35X3X8X0 qemu.gles=1 qemu.settings.system.screen_off_timeout=2147483647 qemu.vsync=60 qemu.gltransport=pipe qemu.gltransport.drawFlushInterval=800 qemu.opengles.version=131072 qemu.dalvik.vm.heapsize=512m qemu.camera_protocol_ver=1 qemu.camera_hq_edge_processing=0 androidboot.android_dt_dir=/sys/bus/platform/devices/ANDR0001:00/properties/android/ android.qemud=1 qemu.avd_name=<build> mac80211_hwsim.mac_prefix=5554
[    0.016989] cgroup: Disabling pressure control group feature
[    0.017131] Unknown kernel command line parameters "qemu=1", will be passed to user space.
[    0.017798] Dentry cache hash table entries: 262144 (order: 9, 2097152 bytes, linear)
[    0.018132] Inode-cache hash table entries: 131072 (order: 8, 1048576 bytes, linear)
[    0.018173] Built 1 zonelists, mobility grouping on.  Total pages: 515802
[    0.018370] mem auto-init: stack:all(zero), heap alloc:on, heap free:off
[    0.021547] Memory: 2015700K/2096608K available (22528K kernel code, 2113K rwdata, 14024K rodata, 2968K init, 856K bss, 80648K reserved, 0K cma-reserved)
[    0.023829] SLUB: HWalign=64, Order=0-3, MinObjects=0, CPUs=2, Nodes=1
[    0.023872] Kernel/User page tables isolation: enabled
[    0.023990] rcu: Preemptible hierarchical RCU implementation.
[    0.023991] rcu:     RCU event tracing is enabled.
[    0.023991] rcu:     RCU restricting CPUs from NR_CPUS=32 to nr_cpu_ids=2.
[    0.023992] rcu:     RCU priority boosting: priority 1 delay 500 ms.
[    0.023992]  Trampoline variant of Tasks RCU enabled.
[    0.023993]  Tracing variant of Tasks RCU enabled.
[    0.023994] rcu: RCU calculated value of scheduler-enlistment delay is 25 jiffies.
[    0.023994] rcu: Adjusting geometry for rcu_fanout_leaf=16, nr_cpu_ids=2
[    0.024732] NR_IRQS: 4352, nr_irqs: 440, preallocated irqs: 16
[    0.024899] rcu: srcu_init: Setting srcu_struct sizes based on contention.
[    0.024924] kfence: initialized - using 524288 bytes for 63 objects at 0x(____ptrval____)-0x(____ptrval____)
[    0.024986] printk: console [ttyS0] enabled
[    0.082696] ACPI: Core revision 20230628
[    0.083278] clocksource: hpet: mask: 0xffffffff max_cycles: 0xffffffff, max_idle_ns: 19112604467 ns
[    0.083983] APIC: Switch to symmetric I/O mode setup
[    0.084476] x2apic enabled
[    0.084875] APIC: Switched APIC routing to: physical x2apic
[    0.085995] ..TIMER: vector=0x30 apic1=0 pin1=2 apic2=-1 pin2=-1
[    0.086436] clocksource: tsc-early: mask: 0xffffffffffffffff max_cycles: 0x23fa772cf26, max_idle_ns: 440795269835 ns
[    0.087181] Calibrating delay loop (skipped) preset value.. 4992.00 BogoMIPS (lpj=9984000)
[    0.087820] Last level iTLB entries: 4KB 0, 2MB 0, 4MB 0
[    0.091181] Last level dTLB entries: 4KB 0, 2MB 0, 4MB 0, 1GB 0
[    0.091608] Spectre V1 : Mitigation: usercopy/swapgs barriers and __user pointer sanitization
[    0.092211] Spectre V2 : Mitigation: Retpolines
[    0.092541] Spectre V2 : Spectre v2 / SpectreRSB mitigation: Filling RSB on context switch
[    0.093123] Spectre V2 : Spectre v2 / SpectreRSB : Filling RSB on VMEXIT
[    0.093597] Speculative Store Bypass: Vulnerable
[    0.093927] MDS: Vulnerable: Clear CPU buffers attempted, no microcode
[    0.094388] MMIO Stale Data: Unknown: No mitigations
[    0.094746] x86/fpu: x87 FPU will use FXSAVE
[    0.107322] SMP alternatives: Using kCFI
[    0.120972] Freeing SMP alternatives memory: 56K
[    0.121348] pid_max: default: 32768 minimum: 301
[    0.121987] LSM: initializing lsm=capability,selinux,bpf,integrity
[    0.122640] SELinux:  Initializing.
[    0.123439] LSM support for eBPF active
[    0.123805] Mount-cache hash table entries: 4096 (order: 3, 32768 bytes, linear)
[    0.124330] Mountpoint-cache hash table entries: 4096 (order: 3, 32768 bytes, linear)
[    0.125353] smpboot: CPU0: Intel Android virtual processor (family: 0x6, model: 0x6, stepping: 0x3)
[    0.126106] RCU Tasks: Setting shift to 1 and lim to 1 rcu_task_cb_adjust=1.
[    0.126630] RCU Tasks Trace: Setting shift to 1 and lim to 1 rcu_task_cb_adjust=1.
[    0.127179] Performance Events: PMU not available due to virtualization, using software events only.
[    0.127179] signal: max sigframe size: 1440
[    0.127179] rcu: Hierarchical SRCU implementation.
[    0.127179] rcu:     Max phase no-delay instances is 1000.
[    0.127179] dyndbg: Ignore empty _ddebug table in a CONFIG_DYNAMIC_DEBUG_CORE build
[    0.127224] smp: Bringing up secondary CPUs ...
[    0.127623] smpboot: x86: Booting SMP configuration:
[    0.127977] .... node  #0, CPUs:      #1
[    0.129180] smp: Brought up 1 node, 2 CPUs
[    0.129180] smpboot: Max logical packages: 1
[    0.129180] smpboot: Total of 2 processors activated (9984.00 BogoMIPS)
[    0.131354] x86/mm: Memory block size: 128MB
[    0.131906] clocksource: jiffies: mask: 0xffffffff max_cycles: 0xffffffff, max_idle_ns: 7645041785100000 ns
[    0.131994] futex hash table entries: 512 (order: 3, 32768 bytes, linear)
[    0.133158] NET: Registered PF_NETLINK/PF_ROUTE protocol family
[    0.133843] audit: initializing netlink subsys (disabled)
[    0.134250] audit: type=2000 audit(1776028477.448:1): state=initialized audit_enabled=0 res=1
[    0.134250] ramoops: using module parameters
[    0.135570] pstore: Using crash dump compression: deflate
[    0.135956] printk: console [ramoops-1] enabled
[    0.136338] pstore: Registered ramoops as persistent store backend
[    0.136781] ramoops: using 0x10000@0xff018000, ecc: 0
[    0.137196] thermal_sys: Registered thermal governor 'bang_bang'
[    0.137197] thermal_sys: Registered thermal governor 'step_wise'
[    0.137638] thermal_sys: Registered thermal governor 'user_space'
[    0.138069] cpuidle: using governor menu
[    0.139075] PCI: Using configuration type 1 for base access
[    0.139347] kprobes: kprobe jump-optimization is enabled. All kprobes are optimized if possible.
[    0.143469] cryptd: max_cpu_qlen set to 1000
[    0.144046] ACPI: Added _OSI(Module Device)
[    0.144358] ACPI: Added _OSI(Processor Device)
[    0.144681] ACPI: Added _OSI(3.0 _SCP Extensions)
[    0.145020] ACPI: Added _OSI(Processor Aggregator Device)
[    0.145690] ACPI: 1 ACPI AML tables successfully acquired and loaded
[    0.146340] ACPI: _OSC evaluation for CPUs failed, trying _PDC
[    0.146833] ACPI: Interpreter enabled
[    0.147105] ACPI: PM: (supports S0 S3 S4 S5)
[    0.147182] ACPI: Using IOAPIC for interrupt routing
[    0.147546] PCI: Using host bridge windows from ACPI; if necessary, use "pci=nocrs" and report a bug
[    0.148196] PCI: Using E820 reservations for host bridge windows
[    0.148673] ACPI: Enabled 2 GPEs in block 00 to 0F
[    0.150181] ACPI: PCI Root Bridge [PCI0] (domain 0000 [bus 00-ff])
[    0.150633] acpi PNP0A03:00: _OSC: OS supports [ASPM ClockPM Segments MSI HPX-Type3]
[    0.151183] acpi PNP0A03:00: _OSC: not requesting OS control; OS requires [ExtendedConfig ASPM ClockPM MSI]
[    0.151872] acpi PNP0A03:00: fail to add MMCONFIG information, can't access extended configuration space under this bridge
[    0.152751] PCI host bridge to bus 0000:00
[    0.153050] pci_bus 0000:00: root bus resource [io  0x0000-0x0cf7 window]
[    0.153534] pci_bus 0000:00: root bus resource [io  0x0d00-0xffff window]
[    0.154018] pci_bus 0000:00: root bus resource [mem 0x000a0000-0x000bffff window]
[    0.154551] pci_bus 0000:00: root bus resource [mem 0x80000000-0xfebfffff window]
[    0.155086] pci_bus 0000:00: root bus resource [mem 0x400000000-0x800013fff window]
[    0.155181] pci_bus 0000:00: root bus resource [bus 00-ff]
[    0.155609] pci 0000:00:00.0: [8086:1237] type 00 class 0x060000
[    0.156305] pci 0000:00:01.0: [8086:7000] type 00 class 0x060100
[    0.157065] pci 0000:00:01.1: [8086:7010] type 00 class 0x010180
[    0.158629] pci 0000:00:01.1: reg 0x20: [io  0xc100-0xc10f]
[    0.159440] pci 0000:00:01.1: legacy IDE quirk: reg 0x10: [io  0x01f0-0x01f7]
[    0.159964] pci 0000:00:01.1: legacy IDE quirk: reg 0x14: [io  0x03f6]
[    0.160435] pci 0000:00:01.1: legacy IDE quirk: reg 0x18: [io  0x0170-0x0177]
[    0.160946] pci 0000:00:01.1: legacy IDE quirk: reg 0x1c: [io  0x0376]
[    0.161534] pci 0000:00:01.3: [8086:7113] type 00 class 0x068000
[    0.162226] pci 0000:00:01.3: quirk: [io  0x0600-0x063f] claimed by PIIX4 ACPI
[    0.162752] pci 0000:00:01.3: quirk: [io  0x0700-0x070f] claimed by PIIX4 SMB
[    0.163335] pci 0000:00:02.0: [8086:2668] type 00 class 0x040300
[    0.164008] pci 0000:00:02.0: reg 0x10: [mem 0xfebc0000-0xfebc3fff]
[    0.165938] pci 0000:00:03.0: [1af4:1001] type 00 class 0x010000
[    0.167165] pci 0000:00:03.0: reg 0x10: [io  0xc000-0xc03f]
[    0.167924] pci 0000:00:03.0: reg 0x14: [mem 0xfebc4000-0xfebc4fff]
[    0.170342] pci 0000:00:03.0: reg 0x18: [io  0xc110-0xc113]
[    0.171864] pci 0000:00:03.0: reg 0x20: [mem 0x800000000-0x800003fff 64bit pref]
[    0.173526] pci 0000:00:04.0: [1af4:1001] type 00 class 0x010000
[    0.174700] pci 0000:00:04.0: reg 0x10: [io  0xc040-0xc07f]
[    0.175556] pci 0000:00:04.0: reg 0x14: [mem 0xfebc5000-0xfebc5fff]
[    0.176718] pci 0000:00:04.0: reg 0x18: [io  0xc114-0xc117]
[    0.178588] pci 0000:00:04.0: reg 0x20: [mem 0x800004000-0x800007fff 64bit pref]
[    0.180287] pci 0000:00:05.0: [1af4:1001] type 00 class 0x010000
[    0.181420] pci 0000:00:05.0: reg 0x10: [io  0xc080-0xc0bf]
[    0.182468] pci 0000:00:05.0: reg 0x14: [mem 0xfebc6000-0xfebc6fff]
[    0.183509] pci 0000:00:05.0: reg 0x18: [io  0xc118-0xc11b]
[    0.185269] pci 0000:00:05.0: reg 0x20: [mem 0x800008000-0x80000bfff 64bit pref]
[    0.186936] pci 0000:00:06.0: [1af4:1000] type 00 class 0x020000
[    0.187704] pci 0000:00:06.0: reg 0x10: [io  0xc0c0-0xc0df]
[    0.188607] pci 0000:00:06.0: reg 0x14: [mem 0xfebc7000-0xfebc7fff]
[    0.192125] pci 0000:00:06.0: reg 0x20: [mem 0x80000c000-0x80000ffff 64bit pref]
[    0.193134] pci 0000:00:06.0: reg 0x30: [mem 0xfeb80000-0xfebbffff pref]
[    0.194000] pci 0000:00:07.0: [1af4:1005] type 00 class 0x00ff00
[    0.194790] pci 0000:00:07.0: reg 0x10: [io  0xc0e0-0xc0ff]
[    0.196535] pci 0000:00:07.0: reg 0x20: [mem 0x800010000-0x800013fff 64bit pref]
[    0.197785] pci 0000:00:0b.0: [607d:f153] type 00 class 0x00ff00
[    0.198620] pci 0000:00:0b.0: reg 0x10: [mem 0xfebc8000-0xfebc8fff]
[    0.199388] pci 0000:00:0b.0: reg 0x14: [mem 0x400000000-0x7ffffffff 64bit]
[    0.204017] ACPI: PCI: Interrupt link LNKA configured for IRQ 10
[    0.204526] ACPI: PCI: Interrupt link LNKB configured for IRQ 10
[    0.205005] ACPI: PCI: Interrupt link LNKC configured for IRQ 11
[    0.205470] ACPI: PCI: Interrupt link LNKD configured for IRQ 11
[    0.205922] ACPI: PCI: Interrupt link LNKS configured for IRQ 9
[    0.206586] iommu: Default domain type: Translated
[    0.206930] iommu: DMA domain TLB invalidation policy: lazy mode
[    0.207266] SCSI subsystem initialized
[    0.207548] ACPI: bus type USB registered
[    0.207844] usbcore: registered new interface driver usbfs
[    0.208240] usbcore: registered new interface driver hub
[    0.208620] usbcore: registered new device driver usb
[    0.209002] mc: Linux media interface: v0.10
[    0.209311] videodev: Linux video capture interface: v2.00
[    0.209716] EDAC MC: Ver: 3.0.0
[    0.210094] Advanced Linux Sound Architecture Driver Initialized.
[    0.210094] PCI: Using ACPI for IRQ routing
[    0.211205] vgaarb: loaded
[    0.211413] hpet: 3 channels of 0 reserved for per-cpu timers
[    0.211704] hpet0: at MMIO 0xfed00000, IRQs 2, 8, 0
[    0.212054] hpet0: 3 comparators, 64-bit 100.000000 MHz counter
[    0.216302] clocksource: Switched to clocksource kvm-clock
[    0.217363] VFS: Disk quotas dquot_6.6.0
[    0.217668] VFS: Dquot-cache hash table entries: 512 (order 0, 4096 bytes)
[    0.218181] pnp: PnP ACPI init
[    0.218598] pnp: PnP ACPI: found 5 devices
[    0.219028] NET: Registered PF_INET protocol family
[    0.219179] IP idents hash table entries: 32768 (order: 6, 262144 bytes, linear)
[    0.219240] tcp_listen_portaddr_hash hash table entries: 1024 (order: 2, 16384 bytes, linear)
[    0.219873] Table-perturb hash table entries: 65536 (order: 6, 262144 bytes, linear)
[    0.220493] TCP established hash table entries: 16384 (order: 5, 131072 bytes, linear)
[    0.221102] TCP bind hash table entries: 16384 (order: 7, 524288 bytes, linear)
[    0.221651] TCP: Hash tables configured (established 16384 bind 16384)
[    0.222139] UDP hash table entries: 1024 (order: 3, 32768 bytes, linear)
[    0.222626] UDP-Lite hash table entries: 1024 (order: 3, 32768 bytes, linear)
[    0.223192] NET: Registered PF_UNIX/PF_LOCAL protocol family
[    0.223601] NET: Registered PF_XDP protocol family
[    0.223950] pci_bus 0000:00: resource 4 [io  0x0000-0x0cf7 window]
[    0.224395] pci_bus 0000:00: resource 5 [io  0x0d00-0xffff window]
[    0.224836] pci_bus 0000:00: resource 6 [mem 0x000a0000-0x000bffff window]
[    0.225358] pci_bus 0000:00: resource 7 [mem 0x80000000-0xfebfffff window]
[    0.225847] pci_bus 0000:00: resource 8 [mem 0x400000000-0x800013fff window]
[    0.226373] pci 0000:00:01.0: PIIX3: Enabling Passive Release
[    0.226790] pci 0000:00:00.0: Limiting direct PCI/PCI transfers
[    0.227270] PCI: CLS 0 bytes, default 64
[    0.227659] kvm_intel: VMX not supported by CPU 0
[    0.227713] Trying to unpack rootfs image as initramfs...
[    0.227997] kvm_amd: CPU 0 isn't AMD or Hygon
[    0.228002] clocksource: tsc: mask: 0xffffffffffffffff max_cycles: 0x23fa772cf26, max_idle_ns: 440795269835 ns
[    0.229062] Freeing initrd memory: 4K
[    0.231219] Initialise system trusted keyrings
[    0.232118] workingset: timestamp_bits=46 max_order=19 bucket_order=0
[    0.233727] fuse: init (API version 7.39)
[    0.239742] Key type asymmetric registered
[    0.240082] Asymmetric key parser 'x509' registered
[    0.240434] Block layer SCSI generic (bsg) driver version 0.4 loaded (major 240)
[    0.241028] io scheduler mq-deadline registered
[    0.241350] io scheduler kyber registered
[    0.241663] io scheduler bfq registered
[    0.242310] input: Power Button as /devices/LNXSYSTM:00/LNXPWRBN:00/input/input0
[    0.246297] ACPI: button: Power Button [PWRF]
[    0.246712] Serial: 8250/16550 driver, 1 ports, IRQ sharing disabled
[    0.247255] 00:04: ttyS0 at I/O 0x3f8 (irq = 4, base_baud = 115200) is a 16550A
[    0.247962] printk: console [ttynull0] enabled
[    0.248349] ACPI: bus type drm_connector registered
[    0.249578] brd: module loaded
[    0.251102] loop: module loaded
[    0.251764] wireguard: WireGuard 1.0.0 loaded. See www.wireguard.com for information.
[    0.252331] wireguard: Copyright (C) 2015-2019 Jason A. Donenfeld <Jason@zx2c4.com>. All Rights Reserved.
[    0.253197] tun: Universal TUN/TAP device driver, 1.6
[    0.253740] usbcore: registered new interface driver uas
[    0.254165] usbcore: registered new interface driver usb-storage
[    0.254675] i8042: PNP: PS/2 Controller [PNP0303:KBD,PNP0f13:MOU] at 0x60,0x64 irq 1,12
[    0.255847] serio: i8042 KBD port at 0x60,0x64 irq 1
[    0.256242] serio: i8042 AUX port at 0x60,0x64 irq 12
[    0.256654] usbcore: registered new interface driver xpad
[    0.257077] rtc_cmos 00:00: RTC can wake from S4
[    0.257695] input: AT Translated Set 2 keyboard as /devices/platform/i8042/serio0/input/input1
[    0.258454] rtc_cmos 00:00: registered as rtc0
[    0.258832] rtc_cmos 00:00: setting system clock to 2026-04-12T21:14:36 UTC (1776028476)
[    0.259447] rtc_cmos 00:00: alarms up to one day, y3k, 114 bytes nvram, hpet irqs
[    0.259984] gspca_main: v2.14.0 registered
[    0.260292] usbcore: registered new interface driver uvcvideo
[    0.260713] device-mapper: uevent: version 1.0.3
[    0.261103] device-mapper: ioctl: 4.48.0-ioctl (2023-03-01) initialised: dm-devel@redhat.com
[    0.261956] intel_pstate: CPU model not supported
[    0.262342] sdhci: Secure Digital Host Controller Interface driver
[    0.262781] sdhci: Copyright(c) Pierre Ossman
[    0.263099] sdhci-pltfm: SDHCI platform and OF driver helper
[    0.263525] hid: raw HID events driver (C) Jiri Kosina
[    0.264024] usbcore: registered new interface driver usbhid
[    0.264424] usbhid: USB HID core driver
[    0.264766] ashmem: initialized
[    0.265017] gnss: GNSS driver registered with major 507
[    0.265428] usbcore: registered new interface driver snd-usb-audio
[    0.265914] GACT probability NOT on
[    0.266171] Mirror/redirect action on
[    0.266446] netem: version 1.3
[    0.266692] u32 classifier
[    0.266889]     input device check on
[    0.267156]     Actions configured
[    0.278144] xt_time: kernel timezone is -0000
[    0.278509] ipip: IPv4 and MPLS over IPv4 tunneling driver
[    0.278986] gre: GRE over IPv4 demultiplexor driver
[    0.279341] ip_gre: GRE over IPv4 tunneling driver
[    0.279814] IPv4 over IPsec tunneling driver
[    0.280184] Initializing XFRM netlink socket
[    0.280505] IPsec XFRM device driver
[    0.280843] NET: Registered PF_INET6 protocol family
[    0.281623] Segment Routing with IPv6
[    0.281909] In-situ OAM (IOAM) with IPv6
[    0.282235] mip6: Mobile IPv6
[    0.282573] sit: IPv6, IPv4 and MPLS over IPv4 tunneling driver
[    0.283123] ip6_gre: GRE over IPv6 tunneling driver
[    0.283537] NET: Registered PF_PACKET protocol family
[    0.283905] NET: Registered PF_KEY protocol family
[    0.284382] NET: Registered PF_VSOCK protocol family
[    0.284853] IPI shorthand broadcast: enabled
[    0.286712] sched_clock: Marking stable (228005262, 58274782)->(292798935, -6518891)
[    0.287450] registered taskstats version 1
[    0.287793] Loading compiled-in X.509 certificates
[    0.288452] Loaded X.509 cert 'Build time autogenerated kernel key: 0c8d8a8dc298c7fc48c2ab5de0e2e4c983d1db0c'
[    0.290948] page_owner is disabled
[    0.291249] Key type .fscrypt registered
[    0.291530] Key type fscrypt-provisioning registered
[    0.292049] ALSA device list:
[    0.292268]   No soundcards found.
[    0.292717] /dev/root: Can't open blockdev
[    0.292921] VFS: Cannot open root device "" or unknown-block(0,0): error -6
[    0.293266] Please append a correct "root=" boot option; here are the available partitions:
[    0.293664] 0100            8192 ram0 
[    0.293666]  (driver?)
[    0.293971] 0101            8192 ram1 
[    0.293971]  (driver?)
[    0.294293] 0102            8192 ram2 
[    0.294294]  (driver?)
[    0.294600] 0103            8192 ram3 
[    0.294600]  (driver?)
[    0.294904] 0104            8192 ram4 
[    0.294904]  (driver?)
[    0.295211] 0105            8192 ram5 
[    0.295211]  (driver?)
[    0.295516] 0106            8192 ram6 
[    0.295516]  (driver?)
[    0.295820] 0107            8192 ram7 
[    0.295821]  (driver?)
[    0.296126] 0108            8192 ram8 
[    0.296127]  (driver?)
[    0.296430] 0109            8192 ram9 
[    0.296431]  (driver?)
[    0.296734] 010a            8192 ram10 
[    0.296735]  (driver?)
[    0.297046] 010b            8192 ram11 
[    0.297046]  (driver?)
[    0.297354] 010c            8192 ram12 
[    0.297355]  (driver?)
[    0.297662] 010d            8192 ram13 
[    0.297662]  (driver?)
[    0.297969] 010e            8192 ram14 
[    0.297970]  (driver?)
[    0.298290] 010f            8192 ram15 
[    0.298291]  (driver?)
[    0.298598] List of all bdev filesystems:
[    0.298791]  ext3
[    0.298792]  ext2
[    0.298891]  ext4
[    0.298990]  vfat
[    0.299092]  msdos
[    0.299192]  exfat
[    0.299295]  fuseblk
[    0.299398]  f2fs
[    0.299509]  erofs
[    0.299607] 
[    0.299790] Kernel panic - not syncing: VFS: Unable to mount root fs on unknown-block(0,0)
[    0.300182] CPU: 0 PID: 1 Comm: swapper/0 Not tainted 6.6.66-android15-8-gb66429556fb8-ab13070261 #1 942fa8dd437f31410486a18f00f339864968efc9
[    0.300778] Hardware name: QEMU Standard PC (i440FX + PIIX, 1996), BIOS rel-1.11.1-0-g0551a4be2c-prebuilt.qemu-project.org 04/01/2014
[    0.301341] Call Trace:
[    0.301464]  <TASK>
[    0.301571]  dump_stack_lvl+0x6d/0xa0
[    0.301753]  dump_stack+0x14/0x20
[    0.301949]  panic+0x13f/0x2f0
[    0.302151]  ? _printk+0x58/0x80
[    0.302341]  mount_root_generic+0x262/0x29b
[    0.302548]  mount_block_root+0x3a/0x45
[    0.302725]  mount_root+0x64/0x7b
[    0.302889]  prepare_namespace+0x70/0xab
[    0.303084]  kernel_init_freeable+0x127/0x170
[    0.303296]  ? __cfi_kernel_init+0x10/0x10
[    0.303495]  kernel_init+0x19/0x1b0
[    0.303667]  ret_from_fork+0x4e/0x60
[    0.303842]  ? __cfi_kernel_init+0x10/0x10
[    0.304044]  ret_from_fork_asm+0x1b/0x30
[    0.304236]  </TASK>
[    0.304423] Kernel Offset: 0x1a00000 from 0xffffffff81000000 (relocation range: 0xffffffff80000000-0xffffffffbfffffff)
[    0.305749] pstore: backend (ramoops) writing error (-28)
[    0.000000] Linux version 6.6.66-android15-8-gb66429556fb8-ab13070261 (kleaf@build-host) (Android (11368308, +pgo, +bolt, +lto, +mlgo, based on r510928) clang version 18.0.0 (https://android.googlesource.com/toolchain/llvm-project 477610d4d0d988e69dbc3fae4fe86bff3f07f2b5), LLD 18.0.0) #1 SMP PREEMPT Fri Feb 14 22:29:59 UTC 2025
[    0.000000] Command line: 8250.nr_uarts=1 clocksource=pit no_timer_check console=ttyS0,38400 loop.max_part=7 ramoops.mem_address=0xff018000 ramoops.mem_size=0x10000 memmap=0x10000$0xff018000 printk.devkmsg=on qemu=1 androidboot.hardware=ranchu androidboot.hardware.vulkan=ranchu androidboot.serialno=EMULATOR35X3X8X0 qemu.gles=1 qemu.settings.system.screen_off_timeout=2147483647 qemu.vsync=60 qemu.gltransport=pipe qemu.gltransport.drawFlushInterval=800 qemu.opengles.version=131072 qemu.dalvik.vm.heapsize=512m qemu.camera_protocol_ver=1 qemu.camera_hq_edge_processing=0 androidboot.android_dt_dir=/sys/bus/platform/devices/ANDR0001:00/properties/android/ android.qemud=1 qemu.avd_name=<build> mac80211_hwsim.mac_prefix=5554
[    0.000000] BIOS-provided physical RAM map:
[    0.000000] BIOS-e820: [mem 0x0000000000000000-0x000000000009fbff] usable
[    0.000000] BIOS-e820: [mem 0x000000000009fc00-0x000000000009ffff] reserved
[    0.000000] BIOS-e820: [mem 0x00000000000f0000-0x00000000000fffff] reserved
[    0.000000] BIOS-e820: [mem 0x0000000000100000-0x000000007ffd9fff] usable
[    0.000000] BIOS-e820: [mem 0x000000007ffda000-0x000000007fffffff] reserved
[    0.000000] BIOS-e820: [mem 0x00000000feffc000-0x00000000feffffff] reserved
[    0.000000] BIOS-e820: [mem 0x00000000fffc0000-0x00000000ffffffff] reserved
[    0.000000] stackdepot: disabled
[    0.000000] NX (Execute Disable) protection: active
[    0.000000] APIC: Static calls initialized
[    0.000000] user-defined physical RAM map:
[    0.000000] user: [mem 0x0000000000000000-0x000000000009fbff] usable
[    0.000000] user: [mem 0x000000000009fc00-0x000000000009ffff] reserved
[    0.000000] user: [mem 0x00000000000f0000-0x00000000000fffff] reserved
[    0.000000] user: [mem 0x0000000000100000-0x000000007ffd9fff] usable
[    0.000000] user: [mem 0x000000007ffda000-0x000000007fffffff] reserved
[    0.000000] user: [mem 0x00000000feffc000-0x00000000feffffff] reserved
[    0.000000] user: [mem 0x00000000ff018000-0x00000000ff027fff] reserved
[    0.000000] user: [mem 0x00000000fffc0000-0x00000000ffffffff] reserved
[    0.000000] SMBIOS 2.8 present.
[    0.000000] DMI: QEMU Standard PC (i440FX + PIIX, 1996), BIOS rel-1.11.1-0-g0551a4be2c-prebuilt.qemu-project.org 04/01/2014
[    0.000000] Hypervisor detected: KVM
[    0.000000] kvm-clock: Using msrs 4b564d01 and 4b564d00
[    0.000000] kvm-clock: using sched offset of 58705406344 cycles
[    0.000001] clocksource: kvm-clock: mask: 0xffffffffffffffff max_cycles: 0x1cd42e4dffb, max_idle_ns: 881590591483 ns
[    0.000002] tsc: Detected 2496.000 MHz processor
[    0.000101] last_pfn = 0x7ffda max_arch_pfn = 0x400000000
[    0.000125] MTRR map: 4 entries (3 fixed + 1 variable; max 19), built from 8 variable MTRRs
[    0.000126] x86/PAT: PAT not supported by the CPU.
[    0.000127] x86/PAT: Configuration [0-7]: WB  WT  UC- UC  WB  WT  UC- UC  
[    0.004497] found SMP MP-table at [mem 0x000f5b50-0x000f5b5f]
[    0.004577] RAMDISK: [mem 0x7ffcf000-0x7ffcffff]
[    0.004582] ACPI: Early table checksum verification disabled
[    0.004584] ACPI: RSDP 0x00000000000F5950 000014 (v00 BOCHS )
[    0.004587] ACPI: RSDT 0x000000007FFE1A47 000030 (v01 BOCHS  BXPCRSDT 00000001 BXPC 00000001)
[    0.004591] ACPI: FACP 0x000000007FFE191B 000074 (v01 BOCHS  BXPCFACP 00000001 BXPC 00000001)
[    0.004596] ACPI: DSDT 0x000000007FFE0040 0018DB (v01 BOCHS  BXPCDSDT 00000001 BXPC 00000001)
[    0.004598] ACPI: FACS 0x000000007FFE0000 000040
[    0.004600] ACPI: APIC 0x000000007FFE198F 000080 (v01 BOCHS  BXPCAPIC 00000001 BXPC 00000001)
[    0.004603] ACPI: HPET 0x000000007FFE1A0F 000038 (v01 BOCHS  BXPCHPET 00000001 BXPC 00000001)
[    0.004604] ACPI: Reserving FACP table memory at [mem 0x7ffe191b-0x7ffe198e]
[    0.004605] ACPI: Reserving DSDT table memory at [mem 0x7ffe0040-0x7ffe191a]
[    0.004606] ACPI: Reserving FACS table memory at [mem 0x7ffe0000-0x7ffe003f]
[    0.004606] ACPI: Reserving APIC table memory at [mem 0x7ffe198f-0x7ffe1a0e]
[    0.004607] ACPI: Reserving HPET table memory at [mem 0x7ffe1a0f-0x7ffe1a46]
[    0.004644] Zone ranges:
[    0.004644]   DMA32    [mem 0x0000000000001000-0x000000007ffd9fff]
[    0.004646]   Normal   empty
[    0.004646] Movable zone start for each node
[    0.004647] NoSplit zone start for each node
[    0.004647] NoMerge zone start for each node
[    0.004647] Early memory node ranges
[    0.004647]   node   0: [mem 0x0000000000001000-0x000000000009efff]
[    0.004648]   node   0: [mem 0x0000000000100000-0x000000007ffd9fff]
[    0.004649] Initmem setup node 0 [mem 0x0000000000001000-0x000000007ffd9fff]
[    0.004655] On node 0, zone DMA32: 1 pages in unavailable ranges
[    0.014069] On node 0, zone DMA32: 97 pages in unavailable ranges
[    0.014070] On node 0, zone DMA32: 38 pages in unavailable ranges
[    0.014376] ACPI: LAPIC_NMI (acpi_id[0xff] dfl dfl lint[0x1])
[    0.014401] IOAPIC[0]: apic_id 0, version 17, address 0xfec00000, GSI 0-23
[    0.014403] ACPI: INT_SRC_OVR (bus 0 bus_irq 0 global_irq 2 dfl dfl)
[    0.014404] ACPI: INT_SRC_OVR (bus 0 bus_irq 5 global_irq 5 high level)
[    0.014405] ACPI: INT_SRC_OVR (bus 0 bus_irq 9 global_irq 9 high level)
[    0.014406] ACPI: INT_SRC_OVR (bus 0 bus_irq 10 global_irq 10 high level)
[    0.014406] ACPI: INT_SRC_OVR (bus 0 bus_irq 11 global_irq 11 high level)
[    0.014408] ACPI: Using ACPI (MADT) for SMP configuration information
[    0.014409] ACPI: HPET id: 0x8086a201 base: 0xfed00000
[    0.014412] TSC deadline timer available
[    0.014413] smpboot: Allowing 2 CPUs, 0 hotplug CPUs
[    0.014421] kvm-guest: APIC: eoi() replaced with kvm_guest_apic_eoi_write()
[    0.014429] PM: hibernation: Registered nosave memory: [mem 0x00000000-0x00000fff]
[    0.014430] PM: hibernation: Registered nosave memory: [mem 0x0009f000-0x0009ffff]
[    0.014430] PM: hibernation: Registered nosave memory: [mem 0x000a0000-0x000effff]
[    0.014431] PM: hibernation: Registered nosave memory: [mem 0x000f0000-0x000fffff]
[    0.014431] [mem 0x80000000-0xfeffbfff] available for PCI devices
[    0.014432] Booting paravirtualized kernel on KVM
[    0.014433] clocksource: refined-jiffies: mask: 0xffffffff max_cycles: 0xffffffff, max_idle_ns: 7645519600211568 ns
[    0.014436] 'bootconfig' found on command line, but no bootconfig found
[    0.014439] setup_percpu: NR_CPUS:32 nr_cpumask_bits:2 nr_cpu_ids:2 nr_node_ids:1
[    0.015045] percpu: Embedded 56 pages/cpu s192488 r8192 d28696 u1048576
[    0.015062] Kernel command line: console=ttynull stack_depot_disable=on cgroup_disable=pressure bootconfig 8250.nr_uarts=1 clocksource=pit no_timer_check console=ttyS0,38400 loop.max_part=7 ramoops.mem_address=0xff018000 ramoops.mem_size=0x10000 memmap=0x10000$0xff018000 printk.devkmsg=on qemu=1 androidboot.hardware=ranchu androidboot.hardware.vulkan=ranchu androidboot.serialno=EMULATOR35X3X8X0 qemu.gles=1 qemu.settings.system.screen_off_timeout=2147483647 qemu.vsync=60 qemu.gltransport=pipe qemu.gltransport.drawFlushInterval=800 qemu.opengles.version=131072 qemu.dalvik.vm.heapsize=512m qemu.camera_protocol_ver=1 qemu.camera_hq_edge_processing=0 androidboot.android_dt_dir=/sys/bus/platform/devices/ANDR0001:00/properties/android/ android.qemud=1 qemu.avd_name=<build> mac80211_hwsim.mac_prefix=5554
[    0.015086] cgroup: Disabling pressure control group feature
[    0.015216] Unknown kernel command line parameters "qemu=1", will be passed to user space.
[    0.015801] Dentry cache hash table entries: 262144 (order: 9, 2097152 bytes, linear)
[    0.016098] Inode-cache hash table entries: 131072 (order: 8, 1048576 bytes, linear)
[    0.016137] Built 1 zonelists, mobility grouping on.  Total pages: 515802
[    0.016314] mem auto-init: stack:all(zero), heap alloc:on, heap free:off
[    0.019090] Memory: 2015700K/2096608K available (22528K kernel code, 2113K rwdata, 14024K rodata, 2968K init, 856K bss, 80648K reserved, 0K cma-reserved)
[    0.021113] SLUB: HWalign=64, Order=0-3, MinObjects=0, CPUs=2, Nodes=1
[    0.021151] Kernel/User page tables isolation: enabled
[    0.021258] rcu: Preemptible hierarchical RCU implementation.
[    0.021258] rcu:     RCU event tracing is enabled.
[    0.021258] rcu:     RCU restricting CPUs from NR_CPUS=32 to nr_cpu_ids=2.
[    0.021259] rcu:     RCU priority boosting: priority 1 delay 500 ms.
[    0.021259]  Trampoline variant of Tasks RCU enabled.
[    0.021259]  Tracing variant of Tasks RCU enabled.
[    0.021260] rcu: RCU calculated value of scheduler-enlistment delay is 25 jiffies.
[    0.021260] rcu: Adjusting geometry for rcu_fanout_leaf=16, nr_cpu_ids=2
[    0.021874] NR_IRQS: 4352, nr_irqs: 440, preallocated irqs: 16
[    0.022032] rcu: srcu_init: Setting srcu_struct sizes based on contention.
[    0.022053] kfence: initialized - using 524288 bytes for 63 objects at 0x(____ptrval____)-0x(____ptrval____)
[    0.022112] printk: console [ttyS0] enabled
[    0.080014] ACPI: Core revision 20230628
[    0.080597] clocksource: hpet: mask: 0xffffffff max_cycles: 0xffffffff, max_idle_ns: 19112604467 ns
[    0.081303] APIC: Switch to symmetric I/O mode setup
[    0.081808] x2apic enabled
[    0.082211] APIC: Switched APIC routing to: physical x2apic
[    0.083368] ..TIMER: vector=0x30 apic1=0 pin1=2 apic2=-1 pin2=-1
[    0.083813] clocksource: tsc-early: mask: 0xffffffffffffffff max_cycles: 0x23fa772cf26, max_idle_ns: 440795269835 ns
[    0.084561] Calibrating delay loop (skipped) preset value.. 4992.00 BogoMIPS (lpj=9984000)
[    0.085208] Last level iTLB entries: 4KB 0, 2MB 0, 4MB 0
[    0.088561] Last level dTLB entries: 4KB 0, 2MB 0, 4MB 0, 1GB 0
[    0.088984] Spectre V1 : Mitigation: usercopy/swapgs barriers and __user pointer sanitization
[    0.089588] Spectre V2 : Mitigation: Retpolines
[    0.089909] Spectre V2 : Spectre v2 / SpectreRSB mitigation: Filling RSB on context switch
[    0.090493] Spectre V2 : Spectre v2 / SpectreRSB : Filling RSB on VMEXIT
[    0.090966] Speculative Store Bypass: Vulnerable
[    0.091297] MDS: Vulnerable: Clear CPU buffers attempted, no microcode
[    0.091756] MMIO Stale Data: Unknown: No mitigations
[    0.092113] x86/fpu: x87 FPU will use FXSAVE
[    0.104396] SMP alternatives: Using kCFI
[    0.117876] Freeing SMP alternatives memory: 56K
[    0.118251] pid_max: default: 32768 minimum: 301
[    0.118891] LSM: initializing lsm=capability,selinux,bpf,integrity
[    0.119544] SELinux:  Initializing.
[    0.120348] LSM support for eBPF active
[    0.120652] Mount-cache hash table entries: 4096 (order: 3, 32768 bytes, linear)
[    0.121184] Mountpoint-cache hash table entries: 4096 (order: 3, 32768 bytes, linear)
[    0.122223] smpboot: CPU0: Intel Android virtual processor (family: 0x6, model: 0x6, stepping: 0x3)
[    0.122979] RCU Tasks: Setting shift to 1 and lim to 1 rcu_task_cb_adjust=1.
[    0.123505] RCU Tasks Trace: Setting shift to 1 and lim to 1 rcu_task_cb_adjust=1.
[    0.124052] Performance Events: PMU not available due to virtualization, using software events only.
[    0.124559] signal: max sigframe size: 1440
[    0.124559] rcu: Hierarchical SRCU implementation.
[    0.124559] rcu:     Max phase no-delay instances is 1000.
[    0.124559] dyndbg: Ignore empty _ddebug table in a CONFIG_DYNAMIC_DEBUG_CORE build
[    0.124604] smp: Bringing up secondary CPUs ...
[    0.124999] smpboot: x86: Booting SMP configuration:
[    0.125355] .... node  #0, CPUs:      #1
[    0.126560] smp: Brought up 1 node, 2 CPUs
[    0.126560] smpboot: Max logical packages: 1
[    0.126560] smpboot: Total of 2 processors activated (9984.00 BogoMIPS)
[    0.128732] x86/mm: Memory block size: 128MB
[    0.129285] clocksource: jiffies: mask: 0xffffffff max_cycles: 0xffffffff, max_idle_ns: 7645041785100000 ns
[    0.129373] futex hash table entries: 512 (order: 3, 32768 bytes, linear)
[    0.130539] NET: Registered PF_NETLINK/PF_ROUTE protocol family
[    0.131227] audit: initializing netlink subsys (disabled)
[    0.131631] audit: type=2000 audit(1776028477.901:1): state=initialized audit_enabled=0 res=1
[    0.131631] ramoops: using module parameters
[    0.132950] pstore: Using crash dump compression: deflate
[    0.133337] printk: console [ramoops-1] enabled
[    0.133719] pstore: Registered ramoops as persistent store backend
[    0.134160] ramoops: using 0x10000@0xff018000, ecc: 0
[    0.134585] thermal_sys: Registered thermal governor 'bang_bang'
[    0.134585] thermal_sys: Registered thermal governor 'step_wise'
[    0.135019] thermal_sys: Registered thermal governor 'user_space'
[    0.135455] cpuidle: using governor menu
[    0.136499] PCI: Using configuration type 1 for base access
[    0.136729] kprobes: kprobe jump-optimization is enabled. All kprobes are optimized if possible.
[    0.140824] cryptd: max_cpu_qlen set to 1000
[    0.141404] ACPI: Added _OSI(Module Device)
[    0.141710] ACPI: Added _OSI(Processor Device)
[    0.142026] ACPI: Added _OSI(3.0 _SCP Extensions)
[    0.142362] ACPI: Added _OSI(Processor Aggregator Device)
[    0.143038] ACPI: 1 ACPI AML tables successfully acquired and loaded
[    0.143687] ACPI: _OSC evaluation for CPUs failed, trying _PDC
[    0.144182] ACPI: Interpreter enabled
[    0.144453] ACPI: PM: (supports S0 S3 S4 S5)
[    0.144562] ACPI: Using IOAPIC for interrupt routing
[    0.144926] PCI: Using host bridge windows from ACPI; if necessary, use "pci=nocrs" and report a bug
[    0.145569] PCI: Using E820 reservations for host bridge windows
[    0.146046] ACPI: Enabled 2 GPEs in block 00 to 0F
[    0.147546] ACPI: PCI Root Bridge [PCI0] (domain 0000 [bus 00-ff])
[    0.147999] acpi PNP0A03:00: _OSC: OS supports [ASPM ClockPM Segments MSI HPX-Type3]
[    0.148553] acpi PNP0A03:00: _OSC: not requesting OS control; OS requires [ExtendedConfig ASPM ClockPM MSI]
[    0.148570] acpi PNP0A03:00: fail to add MMCONFIG information, can't access extended configuration space under this bridge
[    0.149560] PCI host bridge to bus 0000:00
[    0.149870] pci_bus 0000:00: root bus resource [io  0x0000-0x0cf7 window]
[    0.150382] pci_bus 0000:00: root bus resource [io  0x0d00-0xffff window]
[    0.150886] pci_bus 0000:00: root bus resource [mem 0x000a0000-0x000bffff window]
[    0.151426] pci_bus 0000:00: root bus resource [mem 0x80000000-0xfebfffff window]
[    0.151960] pci_bus 0000:00: root bus resource [mem 0x400000000-0x800013fff window]
[    0.152503] pci_bus 0000:00: root bus resource [bus 00-ff]
[    0.152597] pci 0000:00:00.0: [8086:1237] type 00 class 0x060000
[    0.153280] pci 0000:00:01.0: [8086:7000] type 00 class 0x060100
[    0.154041] pci 0000:00:01.1: [8086:7010] type 00 class 0x010180
[    0.156067] pci 0000:00:01.1: reg 0x20: [io  0xc100-0xc10f]
[    0.156908] pci 0000:00:01.1: legacy IDE quirk: reg 0x10: [io  0x01f0-0x01f7]
[    0.157409] pci 0000:00:01.1: legacy IDE quirk: reg 0x14: [io  0x03f6]
[    0.157870] pci 0000:00:01.1: legacy IDE quirk: reg 0x18: [io  0x0170-0x0177]
[    0.158368] pci 0000:00:01.1: legacy IDE quirk: reg 0x1c: [io  0x0376]
[    0.158947] pci 0000:00:01.3: [8086:7113] type 00 class 0x068000
[    0.159625] pci 0000:00:01.3: quirk: [io  0x0600-0x063f] claimed by PIIX4 ACPI
[    0.160154] pci 0000:00:01.3: quirk: [io  0x0700-0x070f] claimed by PIIX4 SMB
[    0.160712] pci 0000:00:02.0: [8086:2668] type 00 class 0x040300
[    0.161389] pci 0000:00:02.0: reg 0x10: [mem 0xfebc0000-0xfebc3fff]
[    0.163341] pci 0000:00:03.0: [1af4:1001] type 00 class 0x010000
[    0.164535] pci 0000:00:03.0: reg 0x10: [io  0xc000-0xc03f]
[    0.165238] pci 0000:00:03.0: reg 0x14: [mem 0xfebc4000-0xfebc4fff]
[    0.166357] pci 0000:00:03.0: reg 0x18: [io  0xc110-0xc113]
[    0.168103] pci 0000:00:03.0: reg 0x20: [mem 0x800000000-0x800003fff 64bit pref]
[    0.169694] pci 0000:00:04.0: [1af4:1001] type 00 class 0x010000
[    0.171020] pci 0000:00:04.0: reg 0x10: [io  0xc040-0xc07f]
[    0.172353] pci 0000:00:04.0: reg 0x14: [mem 0xfebc5000-0xfebc5fff]
[    0.173329] pci 0000:00:04.0: reg 0x18: [io  0xc114-0xc117]
[    0.176906] pci 0000:00:04.0: reg 0x20: [mem 0x800004000-0x800007fff 64bit pref]
[    0.178604] pci 0000:00:05.0: [1af4:1001] type 00 class 0x010000
[    0.179768] pci 0000:00:05.0: reg 0x10: [io  0xc080-0xc0bf]
[    0.180561] pci 0000:00:05.0: reg 0x14: [mem 0xfebc6000-0xfebc6fff]
[    0.181738] pci 0000:00:05.0: reg 0x18: [io  0xc118-0xc11b]
[    0.183580] pci 0000:00:05.0: reg 0x20: [mem 0x800008000-0x80000bfff 64bit pref]
[    0.184993] pci 0000:00:06.0: [1af4:1000] type 00 class 0x020000
[    0.187669] pci 0000:00:06.0: reg 0x10: [io  0xc0c0-0xc0df]
[    0.188548] pci 0000:00:06.0: reg 0x14: [mem 0xfebc7000-0xfebc7fff]
[    0.189985] pci 0000:00:06.0: reg 0x20: [mem 0x80000c000-0x80000ffff 64bit pref]
[    0.191011] pci 0000:00:06.0: reg 0x30: [mem 0xfeb80000-0xfebbffff pref]
[    0.191888] pci 0000:00:07.0: [1af4:1005] type 00 class 0x00ff00
[    0.192561] pci 0000:00:07.0: reg 0x10: [io  0xc0e0-0xc0ff]
[    0.194413] pci 0000:00:07.0: reg 0x20: [mem 0x800010000-0x800013fff 64bit pref]
[    0.195641] pci 0000:00:0b.0: [607d:f153] type 00 class 0x00ff00
[    0.196472] pci 0000:00:0b.0: reg 0x10: [mem 0xfebc8000-0xfebc8fff]
[    0.196941] pci 0000:00:0b.0: reg 0x14: [mem 0x400000000-0x7ffffffff 64bit]
[    0.199180] ACPI: PCI: Interrupt link LNKA configured for IRQ 10
[    0.199658] ACPI: PCI: Interrupt link LNKB configured for IRQ 10
[    0.200136] ACPI: PCI: Interrupt link LNKC configured for IRQ 11
[    0.200600] ACPI: PCI: Interrupt link LNKD configured for IRQ 11
[    0.201051] ACPI: PCI: Interrupt link LNKS configured for IRQ 9
[    0.201720] iommu: Default domain type: Translated
[    0.202073] iommu: DMA domain TLB invalidation policy: lazy mode
[    0.202582] SCSI subsystem initialized
[    0.202894] ACPI: bus type USB registered
[    0.203188] usbcore: registered new interface driver usbfs
[    0.203586] usbcore: registered new interface driver hub
[    0.203979] usbcore: registered new device driver usb
[    0.204379] mc: Linux media interface: v0.10
[    0.204579] videodev: Linux video capture interface: v2.00
[    0.204985] EDAC MC: Ver: 3.0.0
[    0.205367] Advanced Linux Sound Architecture Driver Initialized.
[    0.205367] PCI: Using ACPI for IRQ routing
[    0.206407] vgaarb: loaded
[    0.206624] hpet: 3 channels of 0 reserved for per-cpu timers
[    0.206624] hpet0: at MMIO 0xfed00000, IRQs 2, 8, 0
[    0.206624] hpet0: 3 comparators, 64-bit 100.000000 MHz counter
[    0.211654] clocksource: Switched to clocksource kvm-clock
[    0.212470] VFS: Disk quotas dquot_6.6.0
[    0.212559] VFS: Dquot-cache hash table entries: 512 (order 0, 4096 bytes)
[    0.212559] pnp: PnP ACPI init
[    0.212559] pnp: PnP ACPI: found 5 devices
[    0.212559] NET: Registered PF_INET protocol family
[    0.212559] IP idents hash table entries: 32768 (order: 6, 262144 bytes, linear)
[    0.212559] tcp_listen_portaddr_hash hash table entries: 1024 (order: 2, 16384 bytes, linear)
[    0.213054] Table-perturb hash table entries: 65536 (order: 6, 262144 bytes, linear)
[    0.213673] TCP established hash table entries: 16384 (order: 5, 131072 bytes, linear)
[    0.214279] TCP bind hash table entries: 16384 (order: 7, 524288 bytes, linear)
[    0.214838] TCP: Hash tables configured (established 16384 bind 16384)
[    0.215331] UDP hash table entries: 1024 (order: 3, 32768 bytes, linear)
[    0.215814] UDP-Lite hash table entries: 1024 (order: 3, 32768 bytes, linear)
[    0.216376] NET: Registered PF_UNIX/PF_LOCAL protocol family
[    0.216786] NET: Registered PF_XDP protocol family
[    0.217136] pci_bus 0000:00: resource 4 [io  0x0000-0x0cf7 window]
[    0.217587] pci_bus 0000:00: resource 5 [io  0x0d00-0xffff window]
[    0.218028] pci_bus 0000:00: resource 6 [mem 0x000a0000-0x000bffff window]
[    0.218528] pci_bus 0000:00: resource 7 [mem 0x80000000-0xfebfffff window]
[    0.219018] pci_bus 0000:00: resource 8 [mem 0x400000000-0x800013fff window]
[    0.219541] pci 0000:00:01.0: PIIX3: Enabling Passive Release
[    0.219959] pci 0000:00:00.0: Limiting direct PCI/PCI transfers
[    0.220447] PCI: CLS 0 bytes, default 64
[    0.220839] Trying to unpack rootfs image as initramfs...
[    0.220840] kvm_intel: VMX not supported by CPU 0
[    0.221312] Freeing initrd memory: 4K
[    0.221595] kvm_amd: CPU 0 isn't AMD or Hygon
[    0.222181] clocksource: tsc: mask: 0xffffffffffffffff max_cycles: 0x23fa772cf26, max_idle_ns: 440795269835 ns
[    0.223111] Initialise system trusted keyrings
[    0.223467] workingset: timestamp_bits=46 max_order=19 bucket_order=0
[    0.225101] fuse: init (API version 7.39)
[    0.231031] Key type asymmetric registered
[    0.231380] Asymmetric key parser 'x509' registered
[    0.231746] Block layer SCSI generic (bsg) driver version 0.4 loaded (major 240)
[    0.232305] io scheduler mq-deadline registered
[    0.232636] io scheduler kyber registered
[    0.232942] io scheduler bfq registered
[    0.233332] input: Power Button as /devices/LNXSYSTM:00/LNXPWRBN:00/input/input0
[    0.234556] ACPI: button: Power Button [PWRF]
[    0.235008] Serial: 8250/16550 driver, 1 ports, IRQ sharing disabled
[    0.235607] 00:04: ttyS0 at I/O 0x3f8 (irq = 4, base_baud = 115200) is a 16550A
[    0.236320] printk: console [ttynull0] enabled
[    0.236732] ACPI: bus type drm_connector registered
[    0.237958] brd: module loaded
[    0.239481] loop: module loaded
[    0.240116] wireguard: WireGuard 1.0.0 loaded. See www.wireguard.com for information.
[    0.240689] wireguard: Copyright (C) 2015-2019 Jason A. Donenfeld <Jason@zx2c4.com>. All Rights Reserved.
[    0.241511] tun: Universal TUN/TAP device driver, 1.6
[    0.241953] usbcore: registered new interface driver uas
[    0.242340] usbcore: registered new interface driver usb-storage
[    0.242818] i8042: PNP: PS/2 Controller [PNP0303:KBD,PNP0f13:MOU] at 0x60,0x64 irq 1,12
[    0.243834] serio: i8042 KBD port at 0x60,0x64 irq 1
[    0.244208] serio: i8042 AUX port at 0x60,0x64 irq 12
[    0.244592] usbcore: registered new interface driver xpad
[    0.244980] rtc_cmos 00:00: RTC can wake from S4
[    0.245644] rtc_cmos 00:00: registered as rtc0
[    0.246006] rtc_cmos 00:00: setting system clock to 2026-04-12T21:14:37 UTC (1776028477)
[    0.246797] rtc_cmos 00:00: alarms up to one day, y3k, 114 bytes nvram, hpet irqs
[    0.247477] gspca_main: v2.14.0 registered
INFO         | Wait for emulator (pid 1635039) 20 seconds to shutdown gracefully before kill;you can set environment variable ANDROID_EMULATOR_WAIT_TIME_BEFORE_KILL(in seconds) to change the default value (20 seconds)

[    0.247831] usbcore: registered new interface driver uvcvideo
[    0.248280] input: AT Translated Set 2 keyboard as /devices/platform/i8042/serio0/input/input2
[    0.249061] device-mapper: uevent: version 1.0.3
[    0.249464] device-mapper: ioctl: 4.48.0-ioctl (2023-03-01) initialised: dm-devel@redhat.com
[    0.250260] intel_pstate: CPU model not supported
[    0.250620] sdhci: Secure Digital Host Controller Interface driver
[    0.251061] sdhci: Copyright(c) Pierre Ossman
[    0.251384] sdhci-pltfm: SDHCI platform and OF driver helper
[    0.251836] hid: raw HID events driERROR        | bad workspace: cannot find prebuilt kernel in: /home/liferlighdow/android17/prebuilts/qemu-kernel/x86_64/kernel-qemu
INFO         | Saving with gfxstream=1                                                                                                                                      
INFO         | OpenGL Vendor=[Google (Google Inc.)]
INFO         | OpenGL Renderer=[Android Emulator OpenGL ES Translator (Google SwiftShader)]
INFO         | OpenGL Version=[OpenGL ES 3.0 (OpenGL ES 3.0 SwiftShader 4.0.0.1)]
ERROR        | stop: Not implemented
liferlighdow@Lubuntu:~/android17$   
